[themeforest.net/item/ruaha-personal-blog-bootstrap-template/115790201cdb.html]
[backblue.gif]
[fade.gif]
[index.html]
[themeforest.net/icons/themeforest.net/apple-touch-icon-144x144-precomposed.png]
[themeforest.net/icons/themeforest.net/apple-touch-icon-114x114-precomposed.png]
[themeforest.net/icons/themeforest.net/apple-touch-icon-72x72-precomposed.png]
[themeforest.net/icons/themeforest.net/apple-touch-icon-precomposed.png]
[public-assets.envato-static.com/assets/market/core/index-abe7217969e760e830849028ce07f4aa.css]
[public-assets.envato-static.com/assets/market/pages/default/index-8eff6a8cee71d53a33715128b4e4f011.css]
[themeforest.net/item/ruaha-personal-blog-bootstrap-template/11579020.html]
[public-assets.envato-static.com/assets/market/core/head-204490a7a6656cd4a9ab89c4d525870a.js]
[dmypbau5frl9g.cloudfront.net/PixelSquid_logo_White.png]
[themeforest.net/item/ruaha-personal-blog-bootstrap-template/11579020/comments.html]
[themeforest.net/item/ruaha-personal-blog-bootstrap-template/11579020/support.html]
[0.s3.envato.com/files/137615168/logo.jpg]
[image-tf.s3.envato.com/files/137615169/screenshot/01_preview.__large_preview.jpg]
[thumb-tf.s3.envato.com/files/218051010/logo.png]
[thumb-tf.s3.envato.com/files/176779340/logo.png]
[thumb-tf.s3.envato.com/files/146760325/logo.jpg]
[thumb-tf.s3.envato.com/files/153194596/logo.png]
[thumb-tf.s3.envato.com/files/135474136/logo.png]
[thumb-tf.s3.envato.com/files/179226976/logo.png]
[thumb-tf.s3.envato.com/files/129903672/logo.jpg]
[0.s3.envato.com/files/159432778/avatar_2.png]
[public-assets.envato-static.com/assets/header-footer/elements_footer-5823121f6ed6ab281cd35fff2d1ae4b9.png]
[public-assets.envato-static.com/assets/header-footer/envato-studio-99aadd4d46513598234b361d45bdc523.jpg]
[public-assets.envato-static.com/assets/header-footer/tuts-wordpress-b47a9a8bb599898725ccc331a445cf15.jpg]
[www.google-analytics.com/analytics.js]
[themeforest.net/item/ruaha-personal-blog-bootstrap-template/linkid.1c.delayed]
[www.googleadservices.com/pagead/f.txt]
[themeforest.net/item/ruaha-personal-blog-bootstrap-template/115790201cdb.html]
[public-assets.envato-static.com/assets/common/pagination_loader-73736b3de249249088088e46fe59d88d.gif]
[public-assets.envato-static.com/assets/market/core/index-5c6c53faf8d5e986c37ba556eb35ffaa.js]
[d3cxv97fi8q177.cloudfront.net/mediasource-A249085-fc90-4e98-904f-95b25288c53b1-c-4415.min.js]
[public-assets.envato-static.com/assets/market/core/index-abe7217969e760e830849028ce07f4aa.css]
[public-assets.envato-static.com/assets/generated_sprites/common-4df33b2fb6ed2227dee1d0e002e8854f.png]
[public-assets.envato-static.com/assets/market/pages/default/index-8eff6a8cee71d53a33715128b4e4f011.css]
[themeforest.net/item/ruaha-personal-blog-bootstrap-template/11579020.html]
[public-assets.envato-static.com/assets/market/core/index_static-22e702e02b884dd12cd8b91172a8a8b3.css]
[public-assets.envato-static.com/assets/market/pages/default/index_static-5b44e1a566d4a3732c1d91ee5f94c004.css]
[0.s3.envato.com/files/191845436/pic.jpg]
[public-assets.envato-static.com/assets/market/pages/default/index-cc880a807180bd943dce0b103245b0ef.js]
[themeforest.net/images/smileys/happy.png]
[0.s3.envato.com/files/109525615/avatar.png]
[0.s3.envato.com/files/180944341/logo.png]
[0.s3.envato.com/files/207735131/Untitled.png]
[0.s3.envato.com/files/95510220/jstar.png]
[0.s3.envato.com/files/100151264/magik-icon.png]
[0.s3.envato.com/files/211627195/GRAPHICRIVERICON.jpg]
[0.s3.envato.com/files/80153661/karaftive-avatar.jpg]
[public-assets.envato-static.com/assets/common/icons-buttons/default-user-7e19383c3f65b40956d6fd877486a004.jpg]
[themeforest.net/item/ruaha-personal-blog-bootstrap-template/11579020/linkid.js]
[themeforest.net/item/ruaha-personal-blog-bootstrap-template/11579020/comments.html]
[themeforest.net/item/ruaha-personal-blog-bootstrap-template/11579020/support.html]
[themeforest.net/item/ruaha-personal-blog-bootstrap-template/linkid.html]
[public-assets.envato-static.com/assets/market/pages/images/down.png]
[public-assets.envato-static.com/assets/market/core/index_static-22e702e02b884dd12cd8b91172a8a8b3.css]
[public-assets.envato-static.com/assets/market/pages/default/index_static-5b44e1a566d4a3732c1d91ee5f94c004.css]
[themeforest.net/item/ruaha-personal-blog-bootstrap-template/11579020/linkid.html]
