[preview.themeforest.net/item/ruaha-personal-blog-bootstrap-template/full_screen_preview/115790206e7b.html]
[backblue.gif]
[fade.gif]
[index.html]
[public-assets.envato-static.com/assets/market/core/index-abe7217969e760e830849028ce07f4aa.css]
[public-assets.envato-static.com/assets/market/pages/preview/index-06c3fde71ad80d7fee72aea2b868371b.css]
[preview.themeforest.net/icons/themeforest.net/apple-touch-icon-144x144-precomposed.png]
[preview.themeforest.net/icons/themeforest.net/apple-touch-icon-114x114-precomposed.png]
[preview.themeforest.net/icons/themeforest.net/apple-touch-icon-72x72-precomposed.png]
[preview.themeforest.net/icons/themeforest.net/apple-touch-icon-precomposed.png]
[www.google-analytics.com/analytics.js]
[www.googleadservices.com/pagead/f.txt]
[preview.themeforest.net/item/ruaha-personal-blog-bootstrap-template/full_screen_preview/115790206e7b.html]
[public-assets.envato-static.com/assets/market/pages/full_screen_preview/index-44c702a9592edcaf30bd32c2416404d9.js]
[preview.themeforest.net/item/ruaha-personal-blog-bootstrap-template/full_screen_preview/&quot;http_/themeforest.net/user/mannatstudio/follow&quot;&gt;&lt;img.html]
[preview.themeforest.net/item/ruaha-personal-blog-bootstrap-template/full_screen_preview/&quot;http_...html]
[d3cxv97fi8q177.cloudfront.net/mediasource-A249085-fc90-4e98-904f-95b25288c53b1-c-4415.min.js]
[public-assets.envato-static.com/assets/common/pagination_loader-73736b3de249249088088e46fe59d88d.gif]
[public-assets.envato-static.com/assets/market/core/index-abe7217969e760e830849028ce07f4aa.css]
[public-assets.envato-static.com/assets/market/pages/preview/index-06c3fde71ad80d7fee72aea2b868371b.css]
[preview.themeforest.net/item/ruaha-personal-blog-bootstrap-template/full_screen_preview/linkid.html]
