[themeforest.net/item/writing-blog-personal-blog/115479281cdb.html]
[backblue.gif]
[fade.gif]
[index.html]
[themeforest.net/icons/themeforest.net/apple-touch-icon-144x144-precomposed.png]
[themeforest.net/icons/themeforest.net/apple-touch-icon-114x114-precomposed.png]
[themeforest.net/icons/themeforest.net/apple-touch-icon-72x72-precomposed.png]
[themeforest.net/icons/themeforest.net/apple-touch-icon-precomposed.png]
[public-assets.envato-static.com/assets/market/core/index-abe7217969e760e830849028ce07f4aa.css]
[public-assets.envato-static.com/assets/market/pages/default/index-8eff6a8cee71d53a33715128b4e4f011.css]
[themeforest.net/item/writing-blog-personal-blog/11547928.html]
[public-assets.envato-static.com/assets/market/core/head-204490a7a6656cd4a9ab89c4d525870a.js]
[dmypbau5frl9g.cloudfront.net/PixelSquid_logo_White.png]
[themeforest.net/item/writing-blog-personal-blog/reviews/11547928.html]
[themeforest.net/item/writing-blog-personal-blog/11547928/comments.html]
[themeforest.net/item/writing-blog-personal-blog/11547928/support.html]
[0.s3.envato.com/files/186027248/writing_thumbnail.png]
[image-tf.s3.envato.com/files/151691938/writing_banner.__large_preview.jpg]
[thumb-tf.s3.envato.com/files/216767051/IMG_0412.png]
[thumb-tf.s3.envato.com/files/186029175/sanabel_thumbnail.png]
[thumb-tf.s3.envato.com/files/186028651/sarray_thumbnail.png]
[thumb-tf.s3.envato.com/files/186028636/vella_thumbnail.png]
[thumb-tf.s3.envato.com/files/186027401/bostan_thumbnail.png]
[0.s3.envato.com/files/186032250/image.png]
[public-assets.envato-static.com/assets/header-footer/elements_footer-5823121f6ed6ab281cd35fff2d1ae4b9.png]
[public-assets.envato-static.com/assets/header-footer/envato-studio-99aadd4d46513598234b361d45bdc523.jpg]
[public-assets.envato-static.com/assets/header-footer/tuts-wordpress-b47a9a8bb599898725ccc331a445cf15.jpg]
[www.google-analytics.com/analytics.js]
[themeforest.net/item/writing-blog-personal-blog/linkid.1f.delayed]
[www.googleadservices.com/pagead/f.txt]
[themeforest.net/item/writing-blog-personal-blog/115479281cdb.html]
[public-assets.envato-static.com/assets/market/core/index-5c6c53faf8d5e986c37ba556eb35ffaa.js]
[d3cxv97fi8q177.cloudfront.net/mediasource-A249085-fc90-4e98-904f-95b25288c53b1-c-4415.min.js]
[public-assets.envato-static.com/assets/common/pagination_loader-73736b3de249249088088e46fe59d88d.gif]
[public-assets.envato-static.com/assets/market/core/index-abe7217969e760e830849028ce07f4aa.css]
[public-assets.envato-static.com/assets/market/pages/default/index-cc880a807180bd943dce0b103245b0ef.js]
[public-assets.envato-static.com/assets/generated_sprites/common-4df33b2fb6ed2227dee1d0e002e8854f.png]
[public-assets.envato-static.com/assets/market/pages/default/index-8eff6a8cee71d53a33715128b4e4f011.css]
[themeforest.net/item/writing-blog-personal-blog/11547928.html]
[public-assets.envato-static.com/assets/market/core/index_static-22e702e02b884dd12cd8b91172a8a8b3.css]
[public-assets.envato-static.com/assets/market/pages/default/index_static-5b44e1a566d4a3732c1d91ee5f94c004.css]
[themeforest.net/item/writing-blog-personal-blog/reviews/115479284658.html]
[themeforest.net/item/writing-blog-personal-blog/reviews/115479289ba9.html]
[themeforest.net/item/writing-blog-personal-blog/reviews/linkid.js]
[themeforest.net/item/writing-blog-personal-blog/reviews/11547928.html]
[public-assets.envato-static.com/assets/common/icons-buttons/default-user-7e19383c3f65b40956d6fd877486a004.jpg]
[themeforest.net/item/writing-blog-personal-blog/11547928/commentsce37.html]
[0.s3.envato.com/files/210157751/thumbnail.png]
[themeforest.net/images/smileys/happy.png]
[themeforest.net/images/smileys/wink.png]
[0.s3.envato.com/files/142941735/Shashank.jpg]
[0.s3.envato.com/files/187249891/avatar.jpg]
[themeforest.net/item/writing-blog-personal-blog/11547928/comments2679.html]
[themeforest.net/item/writing-blog-personal-blog/11547928/comments0b08.html]
[themeforest.net/item/writing-blog-personal-blog/11547928/comments1448.html]
[themeforest.net/item/writing-blog-personal-blog/11547928/comments1c8b.html]
[themeforest.net/item/writing-blog-personal-blog/11547928/linkid.js]
[themeforest.net/item/writing-blog-personal-blog/11547928/comments.html]
[themeforest.net/item/writing-blog-personal-blog/11547928/support.html]
[themeforest.net/item/writing-blog-personal-blog/linkid.html]
[public-assets.envato-static.com/assets/market/pages/images/down.png]
[public-assets.envato-static.com/assets/market/core/index_static-22e702e02b884dd12cd8b91172a8a8b3.css]
[public-assets.envato-static.com/assets/market/pages/default/index_static-5b44e1a566d4a3732c1d91ee5f94c004.css]
[themeforest.net/item/writing-blog-personal-blog/reviews/115479284658.html]
[themeforest.net/item/writing-blog-personal-blog/reviews/115479289ba9.html]
[themeforest.net/item/writing-blog-personal-blog/reviews/linkid.html]
[themeforest.net/item/writing-blog-personal-blog/reviews/115479282679.html]
[themeforest.net/item/writing-blog-personal-blog/11547928/comments8c93.html]
[themeforest.net/images/smileys/laugh.png]
[themeforest.net/images/smileys/sad.png]
[0.s3.envato.com/files/49870816/look.png]
[a.top4top.net/IMG_0438.PNG]
[b.top4top.net/IMG_0439.PNG]
[c.top4top.net/IMG_0440.PNG]
[c.top4top.net/IMG_0446.PNG]
[0.s3.envato.com/files/192417832/4girl.jpg]
[themeforest.net/item/writing-blog-personal-blog/11547928/commentsce37.html]
[0.s3.envato.com/files/135582793/lioit.png]
[themeforest.net/item/writing-blog-personal-blog/11547928/comments4658.html]
[0.s3.envato.com/files/116277788/ThemeForestprofile.png]
[0.s3.envato.com/files/191845436/pic.jpg]
[0.s3.envato.com/files/205452036/tvav.png]
[i.imgur.com/dNpt0CB.jpg]
[0.s3.envato.com/files/161908272/avatar.png]
[0.s3.envato.com/files/136820847/TF_avatar.png]
[0.s3.envato.com/files/101448364/avatar.png]
[0.s3.envato.com/files/159464766/profile-icon.png]
[0.s3.envato.com/files/159476894/bonanzazone-themeforest-thumb-blue.jpg]
[0.s3.envato.com/files/180944341/logo.png]
[0.s3.envato.com/files/95510220/jstar.png]
[0.s3.envato.com/files/215836859/flatlayers-icon.png]
[0.s3.envato.com/files/101024949/sflogo.png]
[0.s3.envato.com/files/100151264/magik-icon.png]
[0.s3.envato.com/files/181114775/Untitled-1 copy.jpg]
[0.s3.envato.com/files/112407876/p.jpg]
[0.s3.envato.com/files/127462614/Businessman_Vector_Character_Set.png]
[themeforest.net/item/writing-blog-personal-blog/11547928/comments9ba9.html]
[themeforest.net/item/writing-blog-personal-blog/11547928/commentsfdb0.html]
[themeforest.net/item/writing-blog-personal-blog/11547928/comments2679.html]
[themeforest.net/item/writing-blog-personal-blog/11547928/commentsaf4d.html]
[themeforest.net/item/writing-blog-personal-blog/11547928/commentsfdfa.html]
[res.cloudinary.com/panamageeks/image/upload/v1447479574/Screenshot_2015-11-14-00-33-54_tngwha.png]
[themeforest.net/item/writing-blog-personal-blog/11547928/comments0b08.html]
[themeforest.net/item/writing-blog-personal-blog/11547928/comments235c.html]
[0.s3.envato.com/files/56768798/small.jpg]
[themeforest.net/images/smileys/confused.png]
[themeforest.net/images/smileys/tongue.png]
[themeforest.net/item/writing-blog-personal-blog/11547928/comments1448.html]
[ahmad.works/envatosupport/wp-content/uploads/2016/08/Add-New-Post-‹-Writing-Just-another-—-WordPress.png]
[themeforest.net/item/writing-blog-personal-blog/11547928/comments1c8b.html]
[themeforest.net/item/writing-blog-personal-blog/11547928/linkid.html]
[themeforest.net/item/writing-blog-personal-blog/reviews/115479282679.html]
[themeforest.net/item/writing-blog-personal-blog/11547928/comments8c93.html]
[themeforest.net/item/writing-blog-personal-blog/11547928/error.5d.delayed]
[0.s3.envato.com/files/1500962/a.jpg]
[0.s3.envato.com/files/107274011/14068264456_471204d03c_o.jpg]
[s9.postimg.org/g43yz3g4d/screenshot_themes_pixelwars_org_2015_06_06_17_32.png]
[0.s3.envato.com/files/75553748/ir.jpg]
[0.s3.envato.com/files/59761487/profile.jpg]
[themeforest.net/item/writing-blog-personal-blog/11547928/comments4658.html]
[0.s3.envato.com/files/78025952/DSC02045-80x80.jpg]
[themeforest.net/item/writing-blog-personal-blog/11547928/comments9ba9.html]
[0.s3.envato.com/files/56921471/Albert Einstein.jpg]
[0.s3.envato.com/files/43935234/Untitled-1.png]
[martinnolet.com/wp-content/uploads/2015/07/changement-site-left.jpg]
[0.s3.envato.com/files/141326223/VDC80.jpg]
[themeforest.net/item/writing-blog-personal-blog/11547928/commentsfdb0.html]
[themeforest.net/item/writing-blog-personal-blog/11547928/commentsaf4d.html]
[themeforest.net/item/writing-blog-personal-blog/11547928/commentsc575.html]
[i.hizliresim.com/jjJWQG.png]
[0.s3.envato.com/files/58140389/oscar.jpg]
[i56.photobucket.com/albums/g182/zikezi/writing traslation problems1_zpsgbkbtdun.jpg]
[i56.photobucket.com/albums/g182/zikezi/writing traslation problems 2_zpstyjxfpln.jpg]
[maxcdn.bootstrapcdn.com/font-awesome/4.3.0/css/font-awesome.min.css]
[netdna.bootstrapcdn.com/font-awesome/4.3.0/css/font-awesome.min.css]
[themeforest.net/item/writing-blog-personal-blog/11547928/commentsfdfa.html]
[themeforest.net/item/writing-blog-personal-blog/11547928/comments235c.html]
[awcdn1.ahmad.works/envatosupport/wp-content/uploads/2016/06/elite.jpg]
[awcdn1.ahmad.works/envatosupport/wp-content/uploads/2015/10/writing_testimonials2.jpg]
[awcdn1.ahmad.works/writing/wp-content/uploads/2015/06/writing_testimonials.jpg]
[awcdn1.ahmad.works/writing/wp-content/uploads/2015/06/writing_features4.jpg]
[themeforest.net/item/writing-blog-personal-blog/11547928/error.html]
[s9.postimg.org/g43yz3g4d/screenshot_themes_pixelwars_org_2015_06_06_17_32.png]
[0.s3.envato.com/files/93084110/Untitled-1.jpg]
[themeforest.net/item/writing-blog-personal-blog/11547928/commentsc575.html]
[maxcdn.bootstrapcdn.com/font-awesome/4.3.0/css/font-awesome.min.css]
[netdna.bootstrapcdn.com/font-awesome/4.3.0/css/font-awesome.min.css]
